<?xml version="1.0" encoding="UTF-8"?>
<testsuites>
  <testsuite name="/opt/dreamfactory/dfe/dfe-console/tests/Services/Facades" tests="1" assertions="4" failures="0" errors="0" time="0.422420">
    <testsuite name="ProvisionTest" file="/opt/dreamfactory/dfe/dfe-console/tests/Services/Facades/ProvisionTest.php" tests="1" assertions="4" failures="0" errors="0" time="0.422420">
      <testcase name="testFacade" class="ProvisionTest" file="/opt/dreamfactory/dfe/dfe-console/tests/Services/Facades/ProvisionTest.php" line="22" assertions="4" time="0.422420"/>
    </testsuite>
  </testsuite>
</testsuites>
